------------------------------------------------------------
TimeQuest Timing Analyzer Summary
------------------------------------------------------------

Type  : Slow 1200mV 85C Model Setup 'u3|altpll_0|sd1|pll7|clk[0]'
Slack : 1.621
TNS   : 0.000

Type  : Slow 1200mV 85C Model Setup 'ADC_CLK_10'
Slack : 3.208
TNS   : 0.000

Type  : Slow 1200mV 85C Model Setup 'u3|altpll_0|sd1|pll7|clk[2]'
Slack : 13.974
TNS   : 0.000

Type  : Slow 1200mV 85C Model Setup 'MAX10_CLK1_50'
Slack : 16.322
TNS   : 0.000

Type  : Slow 1200mV 85C Model Setup 'MAX10_CLK2_50'
Slack : 17.259
TNS   : 0.000

Type  : Slow 1200mV 85C Model Setup 'p1|altpll_component|auto_generated|pll1|clk[0]'
Slack : 28.930
TNS   : 0.000

Type  : Slow 1200mV 85C Model Setup 'altera_reserved_tck'
Slack : 42.719
TNS   : 0.000

Type  : Slow 1200mV 85C Model Hold 'ADC_CLK_10'
Slack : 0.193
TNS   : 0.000

Type  : Slow 1200mV 85C Model Hold 'u3|altpll_0|sd1|pll7|clk[0]'
Slack : 0.307
TNS   : 0.000

Type  : Slow 1200mV 85C Model Hold 'altera_reserved_tck'
Slack : 0.308
TNS   : 0.000

Type  : Slow 1200mV 85C Model Hold 'u3|altpll_0|sd1|pll7|clk[2]'
Slack : 0.308
TNS   : 0.000

Type  : Slow 1200mV 85C Model Hold 'p1|altpll_component|auto_generated|pll1|clk[0]'
Slack : 0.324
TNS   : 0.000

Type  : Slow 1200mV 85C Model Hold 'MAX10_CLK1_50'
Slack : 0.327
TNS   : 0.000

Type  : Slow 1200mV 85C Model Hold 'MAX10_CLK2_50'
Slack : 0.344
TNS   : 0.000

Type  : Slow 1200mV 85C Model Recovery 'u3|altpll_0|sd1|pll7|clk[0]'
Slack : 5.581
TNS   : 0.000

Type  : Slow 1200mV 85C Model Recovery 'p1|altpll_component|auto_generated|pll1|clk[0]'
Slack : 12.388
TNS   : 0.000

Type  : Slow 1200mV 85C Model Recovery 'MAX10_CLK1_50'
Slack : 18.234
TNS   : 0.000

Type  : Slow 1200mV 85C Model Recovery 'u3|altpll_0|sd1|pll7|clk[2]'
Slack : 21.292
TNS   : 0.000

Type  : Slow 1200mV 85C Model Recovery 'altera_reserved_tck'
Slack : 47.946
TNS   : 0.000

Type  : Slow 1200mV 85C Model Recovery 'ADC_CLK_10'
Slack : 94.536
TNS   : 0.000

Type  : Slow 1200mV 85C Model Removal 'MAX10_CLK1_50'
Slack : 0.870
TNS   : 0.000

Type  : Slow 1200mV 85C Model Removal 'altera_reserved_tck'
Slack : 0.879
TNS   : 0.000

Type  : Slow 1200mV 85C Model Removal 'ADC_CLK_10'
Slack : 0.889
TNS   : 0.000

Type  : Slow 1200mV 85C Model Removal 'u3|altpll_0|sd1|pll7|clk[0]'
Slack : 1.655
TNS   : 0.000

Type  : Slow 1200mV 85C Model Removal 'u3|altpll_0|sd1|pll7|clk[2]'
Slack : 2.339
TNS   : 0.000

Type  : Slow 1200mV 85C Model Removal 'p1|altpll_component|auto_generated|pll1|clk[0]'
Slack : 5.460
TNS   : 0.000

Type  : Slow 1200mV 85C Model Minimum Pulse Width 'u3|altpll_0|sd1|pll7|clk[0]'
Slack : 4.008
TNS   : 0.000

Type  : Slow 1200mV 85C Model Minimum Pulse Width 'MAX10_CLK1_50'
Slack : 9.557
TNS   : 0.000

Type  : Slow 1200mV 85C Model Minimum Pulse Width 'MAX10_CLK2_50'
Slack : 9.588
TNS   : 0.000

Type  : Slow 1200mV 85C Model Minimum Pulse Width 'u3|altpll_0|sd1|pll7|clk[2]'
Slack : 12.150
TNS   : 0.000

Type  : Slow 1200mV 85C Model Minimum Pulse Width 'p1|altpll_component|auto_generated|pll1|clk[0]'
Slack : 19.689
TNS   : 0.000

Type  : Slow 1200mV 85C Model Minimum Pulse Width 'u3|altpll_1|sd1|pll7|clk[0]'
Slack : 44.375
TNS   : 0.000

Type  : Slow 1200mV 85C Model Minimum Pulse Width 'ADC_CLK_10'
Slack : 49.468
TNS   : 0.000

Type  : Slow 1200mV 85C Model Minimum Pulse Width 'altera_reserved_tck'
Slack : 49.576
TNS   : 0.000

Type  : Slow 1200mV 85C Model Minimum Pulse Width 'u3|onchip_flash_0|altera_onchip_flash_block|ufm_block|osc'
Slack : 90.665
TNS   : 0.000

Type  : Slow 1200mV 0C Model Setup 'u3|altpll_0|sd1|pll7|clk[0]'
Slack : 2.029
TNS   : 0.000

Type  : Slow 1200mV 0C Model Setup 'ADC_CLK_10'
Slack : 3.269
TNS   : 0.000

Type  : Slow 1200mV 0C Model Setup 'u3|altpll_0|sd1|pll7|clk[2]'
Slack : 14.990
TNS   : 0.000

Type  : Slow 1200mV 0C Model Setup 'MAX10_CLK1_50'
Slack : 16.654
TNS   : 0.000

Type  : Slow 1200mV 0C Model Setup 'MAX10_CLK2_50'
Slack : 17.526
TNS   : 0.000

Type  : Slow 1200mV 0C Model Setup 'p1|altpll_component|auto_generated|pll1|clk[0]'
Slack : 30.030
TNS   : 0.000

Type  : Slow 1200mV 0C Model Setup 'altera_reserved_tck'
Slack : 43.421
TNS   : 0.000

Type  : Slow 1200mV 0C Model Hold 'ADC_CLK_10'
Slack : 0.185
TNS   : 0.000

Type  : Slow 1200mV 0C Model Hold 'altera_reserved_tck'
Slack : 0.279
TNS   : 0.000

Type  : Slow 1200mV 0C Model Hold 'u3|altpll_0|sd1|pll7|clk[0]'
Slack : 0.279
TNS   : 0.000

Type  : Slow 1200mV 0C Model Hold 'u3|altpll_0|sd1|pll7|clk[2]'
Slack : 0.280
TNS   : 0.000

Type  : Slow 1200mV 0C Model Hold 'p1|altpll_component|auto_generated|pll1|clk[0]'
Slack : 0.293
TNS   : 0.000

Type  : Slow 1200mV 0C Model Hold 'MAX10_CLK1_50'
Slack : 0.297
TNS   : 0.000

Type  : Slow 1200mV 0C Model Hold 'MAX10_CLK2_50'
Slack : 0.313
TNS   : 0.000

Type  : Slow 1200mV 0C Model Recovery 'u3|altpll_0|sd1|pll7|clk[0]'
Slack : 6.248
TNS   : 0.000

Type  : Slow 1200mV 0C Model Recovery 'p1|altpll_component|auto_generated|pll1|clk[0]'
Slack : 13.572
TNS   : 0.000

Type  : Slow 1200mV 0C Model Recovery 'MAX10_CLK1_50'
Slack : 18.394
TNS   : 0.000

Type  : Slow 1200mV 0C Model Recovery 'u3|altpll_0|sd1|pll7|clk[2]'
Slack : 21.653
TNS   : 0.000

Type  : Slow 1200mV 0C Model Recovery 'altera_reserved_tck'
Slack : 48.129
TNS   : 0.000

Type  : Slow 1200mV 0C Model Recovery 'ADC_CLK_10'
Slack : 95.066
TNS   : 0.000

Type  : Slow 1200mV 0C Model Removal 'MAX10_CLK1_50'
Slack : 0.812
TNS   : 0.000

Type  : Slow 1200mV 0C Model Removal 'altera_reserved_tck'
Slack : 0.812
TNS   : 0.000

Type  : Slow 1200mV 0C Model Removal 'ADC_CLK_10'
Slack : 0.825
TNS   : 0.000

Type  : Slow 1200mV 0C Model Removal 'u3|altpll_0|sd1|pll7|clk[0]'
Slack : 1.534
TNS   : 0.000

Type  : Slow 1200mV 0C Model Removal 'u3|altpll_0|sd1|pll7|clk[2]'
Slack : 2.133
TNS   : 0.000

Type  : Slow 1200mV 0C Model Removal 'p1|altpll_component|auto_generated|pll1|clk[0]'
Slack : 4.558
TNS   : 0.000

Type  : Slow 1200mV 0C Model Minimum Pulse Width 'u3|altpll_0|sd1|pll7|clk[0]'
Slack : 3.929
TNS   : 0.000

Type  : Slow 1200mV 0C Model Minimum Pulse Width 'MAX10_CLK1_50'
Slack : 9.581
TNS   : 0.000

Type  : Slow 1200mV 0C Model Minimum Pulse Width 'MAX10_CLK2_50'
Slack : 9.602
TNS   : 0.000

Type  : Slow 1200mV 0C Model Minimum Pulse Width 'u3|altpll_0|sd1|pll7|clk[2]'
Slack : 12.170
TNS   : 0.000

Type  : Slow 1200mV 0C Model Minimum Pulse Width 'p1|altpll_component|auto_generated|pll1|clk[0]'
Slack : 19.697
TNS   : 0.000

Type  : Slow 1200mV 0C Model Minimum Pulse Width 'u3|altpll_1|sd1|pll7|clk[0]'
Slack : 44.379
TNS   : 0.000

Type  : Slow 1200mV 0C Model Minimum Pulse Width 'ADC_CLK_10'
Slack : 49.479
TNS   : 0.000

Type  : Slow 1200mV 0C Model Minimum Pulse Width 'altera_reserved_tck'
Slack : 49.602
TNS   : 0.000

Type  : Slow 1200mV 0C Model Minimum Pulse Width 'u3|onchip_flash_0|altera_onchip_flash_block|ufm_block|osc'
Slack : 90.670
TNS   : 0.000

Type  : Fast 1200mV 0C Model Setup 'ADC_CLK_10'
Slack : 3.578
TNS   : 0.000

Type  : Fast 1200mV 0C Model Setup 'u3|altpll_0|sd1|pll7|clk[0]'
Slack : 3.970
TNS   : 0.000

Type  : Fast 1200mV 0C Model Setup 'MAX10_CLK1_50'
Slack : 18.209
TNS   : 0.000

Type  : Fast 1200mV 0C Model Setup 'MAX10_CLK2_50'
Slack : 18.691
TNS   : 0.000

Type  : Fast 1200mV 0C Model Setup 'u3|altpll_0|sd1|pll7|clk[2]'
Slack : 19.454
TNS   : 0.000

Type  : Fast 1200mV 0C Model Setup 'p1|altpll_component|auto_generated|pll1|clk[0]'
Slack : 34.342
TNS   : 0.000

Type  : Fast 1200mV 0C Model Setup 'altera_reserved_tck'
Slack : 46.619
TNS   : 0.000

Type  : Fast 1200mV 0C Model Hold 'ADC_CLK_10'
Slack : 0.072
TNS   : 0.000

Type  : Fast 1200mV 0C Model Hold 'altera_reserved_tck'
Slack : 0.140
TNS   : 0.000

Type  : Fast 1200mV 0C Model Hold 'u3|altpll_0|sd1|pll7|clk[0]'
Slack : 0.140
TNS   : 0.000

Type  : Fast 1200mV 0C Model Hold 'u3|altpll_0|sd1|pll7|clk[2]'
Slack : 0.140
TNS   : 0.000

Type  : Fast 1200mV 0C Model Hold 'p1|altpll_component|auto_generated|pll1|clk[0]'
Slack : 0.148
TNS   : 0.000

Type  : Fast 1200mV 0C Model Hold 'MAX10_CLK1_50'
Slack : 0.150
TNS   : 0.000

Type  : Fast 1200mV 0C Model Hold 'MAX10_CLK2_50'
Slack : 0.157
TNS   : 0.000

Type  : Fast 1200mV 0C Model Recovery 'u3|altpll_0|sd1|pll7|clk[0]'
Slack : 8.841
TNS   : 0.000

Type  : Fast 1200mV 0C Model Recovery 'p1|altpll_component|auto_generated|pll1|clk[0]'
Slack : 16.130
TNS   : 0.000

Type  : Fast 1200mV 0C Model Recovery 'MAX10_CLK1_50'
Slack : 19.115
TNS   : 0.000

Type  : Fast 1200mV 0C Model Recovery 'u3|altpll_0|sd1|pll7|clk[2]'
Slack : 23.039
TNS   : 0.000

Type  : Fast 1200mV 0C Model Recovery 'altera_reserved_tck'
Slack : 49.187
TNS   : 0.000

Type  : Fast 1200mV 0C Model Recovery 'ADC_CLK_10'
Slack : 97.063
TNS   : 0.000

Type  : Fast 1200mV 0C Model Removal 'MAX10_CLK1_50'
Slack : 0.399
TNS   : 0.000

Type  : Fast 1200mV 0C Model Removal 'altera_reserved_tck'
Slack : 0.405
TNS   : 0.000

Type  : Fast 1200mV 0C Model Removal 'ADC_CLK_10'
Slack : 0.411
TNS   : 0.000

Type  : Fast 1200mV 0C Model Removal 'u3|altpll_0|sd1|pll7|clk[0]'
Slack : 0.783
TNS   : 0.000

Type  : Fast 1200mV 0C Model Removal 'u3|altpll_0|sd1|pll7|clk[2]'
Slack : 1.237
TNS   : 0.000

Type  : Fast 1200mV 0C Model Removal 'p1|altpll_component|auto_generated|pll1|clk[0]'
Slack : 2.525
TNS   : 0.000

Type  : Fast 1200mV 0C Model Minimum Pulse Width 'u3|altpll_0|sd1|pll7|clk[0]'
Slack : 4.140
TNS   : 0.000

Type  : Fast 1200mV 0C Model Minimum Pulse Width 'MAX10_CLK1_50'
Slack : 9.303
TNS   : 0.000

Type  : Fast 1200mV 0C Model Minimum Pulse Width 'MAX10_CLK2_50'
Slack : 9.331
TNS   : 0.000

Type  : Fast 1200mV 0C Model Minimum Pulse Width 'u3|altpll_0|sd1|pll7|clk[2]'
Slack : 12.210
TNS   : 0.000

Type  : Fast 1200mV 0C Model Minimum Pulse Width 'p1|altpll_component|auto_generated|pll1|clk[0]'
Slack : 19.721
TNS   : 0.000

Type  : Fast 1200mV 0C Model Minimum Pulse Width 'u3|altpll_1|sd1|pll7|clk[0]'
Slack : 44.903
TNS   : 0.000

Type  : Fast 1200mV 0C Model Minimum Pulse Width 'ADC_CLK_10'
Slack : 49.267
TNS   : 0.000

Type  : Fast 1200mV 0C Model Minimum Pulse Width 'altera_reserved_tck'
Slack : 49.415
TNS   : 0.000

Type  : Fast 1200mV 0C Model Minimum Pulse Width 'u3|onchip_flash_0|altera_onchip_flash_block|ufm_block|osc'
Slack : 90.686
TNS   : 0.000

------------------------------------------------------------
